[2024-08-24T12:27:49.010+0530][gc,init] CardTable entry size: 512
[2024-08-24T12:27:49.010+0530][gc     ] Using G1
[2024-08-24T12:27:49.011+0530][gc,init] Version: 22.0.1+8-16 (release)
[2024-08-24T12:27:49.011+0530][gc,init] CPUs: 8 total, 8 available
[2024-08-24T12:27:49.011+0530][gc,init] Memory: 8192M
[2024-08-24T12:27:49.011+0530][gc,init] Large Page Support: Disabled
[2024-08-24T12:27:49.011+0530][gc,init] NUMA Support: Disabled
[2024-08-24T12:27:49.011+0530][gc,init] Compressed Oops: Enabled (Zero based)
[2024-08-24T12:27:49.011+0530][gc,init] Heap Region Size: 1M
[2024-08-24T12:27:49.011+0530][gc,init] Heap Min Capacity: 1G
[2024-08-24T12:27:49.011+0530][gc,init] Heap Initial Capacity: 1G
[2024-08-24T12:27:49.011+0530][gc,init] Heap Max Capacity: 1G
[2024-08-24T12:27:49.011+0530][gc,init] Pre-touch: Disabled
[2024-08-24T12:27:49.011+0530][gc,init] Parallel Workers: 8
[2024-08-24T12:27:49.011+0530][gc,init] Concurrent Workers: 2
[2024-08-24T12:27:49.011+0530][gc,init] Concurrent Refinement Workers: 8
[2024-08-24T12:27:49.011+0530][gc,init] Periodic GC: Disabled
[2024-08-24T12:27:49.014+0530][gc,metaspace] CDS archive(s) mapped at: [0x0000078000000000-0x0000078000c70000-0x0000078000c70000), size 13041664, SharedBaseAddress: 0x0000078000000000, ArchiveRelocationMode: 1.
[2024-08-24T12:27:49.014+0530][gc,metaspace] Compressed class space mapped at: 0x0000078001000000-0x0000078041000000, reserved size: 1073741824
[2024-08-24T12:27:49.014+0530][gc,metaspace] Narrow klass base: 0x0000078000000000, Narrow klass shift: 0, Narrow klass range: 0x100000000
[2024-08-24T12:27:49.832+0530][gc,start    ] GC(0) Pause Young (Normal) (G1 Evacuation Pause)
[2024-08-24T12:27:49.832+0530][gc,task     ] GC(0) Using 8 workers of 8 for evacuation
[2024-08-24T12:27:49.835+0530][gc,phases   ] GC(0)   Pre Evacuate Collection Set: 0.11ms
[2024-08-24T12:27:49.835+0530][gc,phases   ] GC(0)   Merge Heap Roots: 0.04ms
[2024-08-24T12:27:49.835+0530][gc,phases   ] GC(0)   Evacuate Collection Set: 2.77ms
[2024-08-24T12:27:49.835+0530][gc,phases   ] GC(0)   Post Evacuate Collection Set: 0.34ms
[2024-08-24T12:27:49.835+0530][gc,phases   ] GC(0)   Other: 0.22ms
[2024-08-24T12:27:49.835+0530][gc,heap     ] GC(0) Eden regions: 51->0(44)
[2024-08-24T12:27:49.835+0530][gc,heap     ] GC(0) Survivor regions: 0->7(7)
[2024-08-24T12:27:49.835+0530][gc,heap     ] GC(0) Old regions: 2->4
[2024-08-24T12:27:49.835+0530][gc,heap     ] GC(0) Humongous regions: 0->0
[2024-08-24T12:27:49.835+0530][gc,metaspace] GC(0) Metaspace: 16860K(17088K)->16860K(17088K) NonClass: 14836K(14976K)->14836K(14976K) Class: 2023K(2112K)->2023K(2112K)
[2024-08-24T12:27:49.835+0530][gc          ] GC(0) Pause Young (Normal) (G1 Evacuation Pause) 52M->9M(1024M) 3.634ms
[2024-08-24T12:27:49.835+0530][gc,cpu      ] GC(0) User=0.01s Sys=0.00s Real=0.00s
[2024-08-24T12:27:49.969+0530][gc,start    ] GC(1) Pause Young (Concurrent Start) (Metadata GC Threshold)
[2024-08-24T12:27:49.969+0530][gc,task     ] GC(1) Using 8 workers of 8 for evacuation
[2024-08-24T12:27:49.971+0530][gc,phases   ] GC(1)   Pre Evacuate Collection Set: 0.12ms
[2024-08-24T12:27:49.971+0530][gc,phases   ] GC(1)   Merge Heap Roots: 0.03ms
[2024-08-24T12:27:49.971+0530][gc,phases   ] GC(1)   Evacuate Collection Set: 1.74ms
[2024-08-24T12:27:49.971+0530][gc,phases   ] GC(1)   Post Evacuate Collection Set: 0.16ms
[2024-08-24T12:27:49.971+0530][gc,phases   ] GC(1)   Other: 0.05ms
[2024-08-24T12:27:49.971+0530][gc,heap     ] GC(1) Eden regions: 17->0(49)
[2024-08-24T12:27:49.971+0530][gc,heap     ] GC(1) Survivor regions: 7->2(7)
[2024-08-24T12:27:49.971+0530][gc,heap     ] GC(1) Old regions: 4->11
[2024-08-24T12:27:49.971+0530][gc,heap     ] GC(1) Humongous regions: 0->0
[2024-08-24T12:27:49.971+0530][gc,metaspace] GC(1) Metaspace: 21236K(21504K)->21236K(21504K) NonClass: 18685K(18816K)->18685K(18816K) Class: 2551K(2688K)->2551K(2688K)
[2024-08-24T12:27:49.971+0530][gc          ] GC(1) Pause Young (Concurrent Start) (Metadata GC Threshold) 26M->11M(1024M) 2.235ms
[2024-08-24T12:27:49.971+0530][gc          ] GC(2) Concurrent Mark Cycle
[2024-08-24T12:27:49.971+0530][gc,cpu      ] GC(1) User=0.01s Sys=0.00s Real=0.01s
[2024-08-24T12:27:49.971+0530][gc,marking  ] GC(2) Concurrent Scan Root Regions
[2024-08-24T12:27:49.972+0530][gc,marking  ] GC(2) Concurrent Scan Root Regions 1.285ms
[2024-08-24T12:27:49.972+0530][gc,marking  ] GC(2) Concurrent Mark
[2024-08-24T12:27:49.972+0530][gc,marking  ] GC(2) Concurrent Mark From Roots
[2024-08-24T12:27:49.972+0530][gc,task     ] GC(2) Using 2 workers of 2 for marking
[2024-08-24T12:27:49.973+0530][gc,marking  ] GC(2) Concurrent Mark From Roots 0.851ms
[2024-08-24T12:27:49.973+0530][gc,marking  ] GC(2) Concurrent Preclean
[2024-08-24T12:27:49.973+0530][gc,marking  ] GC(2) Concurrent Preclean 0.006ms
[2024-08-24T12:27:49.973+0530][gc,start    ] GC(2) Pause Remark
[2024-08-24T12:27:49.974+0530][gc          ] GC(2) Pause Remark 11M->11M(1024M) 0.844ms
[2024-08-24T12:27:49.974+0530][gc,cpu      ] GC(2) User=0.00s Sys=0.00s Real=0.00s
[2024-08-24T12:27:49.974+0530][gc,marking  ] GC(2) Concurrent Mark 1.785ms
[2024-08-24T12:27:49.974+0530][gc,marking  ] GC(2) Concurrent Rebuild Remembered Sets and Scrub Regions
[2024-08-24T12:27:49.975+0530][gc,marking  ] GC(2) Concurrent Rebuild Remembered Sets and Scrub Regions 1.221ms
[2024-08-24T12:27:49.975+0530][gc,start    ] GC(2) Pause Cleanup
[2024-08-24T12:27:49.975+0530][gc          ] GC(2) Pause Cleanup 11M->11M(1024M) 0.058ms
[2024-08-24T12:27:49.975+0530][gc,cpu      ] GC(2) User=0.00s Sys=0.00s Real=0.00s
[2024-08-24T12:27:49.975+0530][gc,marking  ] GC(2) Concurrent Clear Claimed Marks
[2024-08-24T12:27:49.975+0530][gc,marking  ] GC(2) Concurrent Clear Claimed Marks 0.014ms
[2024-08-24T12:27:49.975+0530][gc,marking  ] GC(2) Concurrent Cleanup for Next Mark
[2024-08-24T12:27:49.977+0530][gc,marking  ] GC(2) Concurrent Cleanup for Next Mark 1.094ms
[2024-08-24T12:27:49.977+0530][gc          ] GC(2) Concurrent Mark Cycle 5.614ms
[2024-08-24T12:27:50.278+0530][gc,start    ] GC(3) Pause Young (Prepare Mixed) (G1 Evacuation Pause)
[2024-08-24T12:27:50.278+0530][gc,task     ] GC(3) Using 8 workers of 8 for evacuation
[2024-08-24T12:27:50.281+0530][gc,phases   ] GC(3)   Pre Evacuate Collection Set: 0.13ms
[2024-08-24T12:27:50.281+0530][gc,phases   ] GC(3)   Merge Heap Roots: 0.06ms
[2024-08-24T12:27:50.281+0530][gc,phases   ] GC(3)   Evacuate Collection Set: 2.59ms
[2024-08-24T12:27:50.281+0530][gc,phases   ] GC(3)   Post Evacuate Collection Set: 0.22ms
[2024-08-24T12:27:50.281+0530][gc,phases   ] GC(3)   Other: 0.04ms
[2024-08-24T12:27:50.281+0530][gc,heap     ] GC(3) Eden regions: 49->0(44)
[2024-08-24T12:27:50.281+0530][gc,heap     ] GC(3) Survivor regions: 2->7(7)
[2024-08-24T12:27:50.281+0530][gc,heap     ] GC(3) Old regions: 11->11
[2024-08-24T12:27:50.281+0530][gc,heap     ] GC(3) Humongous regions: 129->129
[2024-08-24T12:27:50.281+0530][gc,metaspace] GC(3) Metaspace: 32317K(32640K)->32317K(32640K) NonClass: 28685K(28864K)->28685K(28864K) Class: 3631K(3776K)->3631K(3776K)
[2024-08-24T12:27:50.281+0530][gc          ] GC(3) Pause Young (Prepare Mixed) (G1 Evacuation Pause) 188M->145M(1024M) 3.181ms
[2024-08-24T12:27:50.281+0530][gc,cpu      ] GC(3) User=0.01s Sys=0.01s Real=0.01s
[2024-08-24T12:27:55.331+0530][gc,start    ] GC(4) Pause Young (Mixed) (Metadata GC Threshold)
[2024-08-24T12:27:55.331+0530][gc,task     ] GC(4) Using 8 workers of 8 for evacuation
[2024-08-24T12:27:55.335+0530][gc,phases   ] GC(4)   Pre Evacuate Collection Set: 0.20ms
[2024-08-24T12:27:55.335+0530][gc,phases   ] GC(4)   Merge Heap Roots: 0.05ms
[2024-08-24T12:27:55.335+0530][gc,phases   ] GC(4)   Evacuate Collection Set: 3.22ms
[2024-08-24T12:27:55.335+0530][gc,phases   ] GC(4)   Post Evacuate Collection Set: 0.32ms
[2024-08-24T12:27:55.335+0530][gc,phases   ] GC(4)   Other: 0.08ms
[2024-08-24T12:27:55.335+0530][gc,heap     ] GC(4) Eden regions: 16->0(49)
[2024-08-24T12:27:55.335+0530][gc,heap     ] GC(4) Survivor regions: 7->2(7)
[2024-08-24T12:27:55.335+0530][gc,heap     ] GC(4) Old regions: 11->16
[2024-08-24T12:27:55.335+0530][gc,heap     ] GC(4) Humongous regions: 129->129
[2024-08-24T12:27:55.335+0530][gc,metaspace] GC(4) Metaspace: 35660K(35968K)->35660K(35968K) NonClass: 31565K(31744K)->31565K(31744K) Class: 4095K(4224K)->4095K(4224K)
[2024-08-24T12:27:55.335+0530][gc          ] GC(4) Pause Young (Mixed) (Metadata GC Threshold) 160M->146M(1024M) 4.138ms
[2024-08-24T12:27:55.335+0530][gc,cpu      ] GC(4) User=0.02s Sys=0.01s Real=0.00s
[2024-08-24T12:29:58.189+0530][gc,start    ] GC(5) Pause Young (Concurrent Start) (Metadata GC Threshold)
[2024-08-24T12:29:58.190+0530][gc,task     ] GC(5) Using 8 workers of 8 for evacuation
[2024-08-24T12:29:58.193+0530][gc,phases   ] GC(5)   Pre Evacuate Collection Set: 0.34ms
[2024-08-24T12:29:58.193+0530][gc,phases   ] GC(5)   Merge Heap Roots: 0.07ms
[2024-08-24T12:29:58.193+0530][gc,phases   ] GC(5)   Evacuate Collection Set: 1.88ms
[2024-08-24T12:29:58.193+0530][gc,phases   ] GC(5)   Post Evacuate Collection Set: 0.32ms
[2024-08-24T12:29:58.193+0530][gc,phases   ] GC(5)   Other: 0.24ms
[2024-08-24T12:29:58.193+0530][gc,heap     ] GC(5) Eden regions: 6->0(50)
[2024-08-24T12:29:58.193+0530][gc,heap     ] GC(5) Survivor regions: 2->1(7)
[2024-08-24T12:29:58.193+0530][gc,heap     ] GC(5) Old regions: 16->16
[2024-08-24T12:29:58.193+0530][gc,heap     ] GC(5) Humongous regions: 129->129
[2024-08-24T12:29:58.193+0530][gc,metaspace] GC(5) Metaspace: 35965K(36288K)->35965K(36288K) NonClass: 31824K(32000K)->31824K(32000K) Class: 4140K(4288K)->4140K(4288K)
[2024-08-24T12:29:58.193+0530][gc          ] GC(5) Pause Young (Concurrent Start) (Metadata GC Threshold) 151M->145M(1024M) 4.461ms
[2024-08-24T12:29:58.193+0530][gc          ] GC(6) Concurrent Mark Cycle
[2024-08-24T12:29:58.193+0530][gc,cpu      ] GC(5) User=0.01s Sys=0.00s Real=0.01s
[2024-08-24T12:29:58.193+0530][gc,marking  ] GC(6) Concurrent Scan Root Regions
[2024-08-24T12:29:58.196+0530][gc,marking  ] GC(6) Concurrent Scan Root Regions 2.538ms
[2024-08-24T12:29:58.196+0530][gc,marking  ] GC(6) Concurrent Mark
[2024-08-24T12:29:58.196+0530][gc,marking  ] GC(6) Concurrent Mark From Roots
[2024-08-24T12:29:58.196+0530][gc,task     ] GC(6) Using 2 workers of 2 for marking
[2024-08-24T12:29:58.210+0530][gc,marking  ] GC(6) Concurrent Mark From Roots 14.043ms
[2024-08-24T12:29:58.210+0530][gc,marking  ] GC(6) Concurrent Preclean
[2024-08-24T12:29:58.210+0530][gc,marking  ] GC(6) Concurrent Preclean 0.043ms
[2024-08-24T12:29:58.210+0530][gc,start    ] GC(6) Pause Remark
[2024-08-24T12:29:58.212+0530][gc          ] GC(6) Pause Remark 145M->145M(1024M) 2.018ms
[2024-08-24T12:29:58.212+0530][gc,cpu      ] GC(6) User=0.00s Sys=0.00s Real=0.00s
[2024-08-24T12:29:58.212+0530][gc,marking  ] GC(6) Concurrent Mark 16.366ms
[2024-08-24T12:29:58.212+0530][gc,marking  ] GC(6) Concurrent Rebuild Remembered Sets and Scrub Regions
[2024-08-24T12:29:58.219+0530][gc,marking  ] GC(6) Concurrent Rebuild Remembered Sets and Scrub Regions 6.554ms
[2024-08-24T12:29:58.219+0530][gc,start    ] GC(6) Pause Cleanup
[2024-08-24T12:29:58.219+0530][gc          ] GC(6) Pause Cleanup 145M->145M(1024M) 0.104ms
[2024-08-24T12:29:58.219+0530][gc,cpu      ] GC(6) User=0.00s Sys=0.00s Real=0.00s
[2024-08-24T12:29:58.219+0530][gc,marking  ] GC(6) Concurrent Clear Claimed Marks
[2024-08-24T12:29:58.219+0530][gc,marking  ] GC(6) Concurrent Clear Claimed Marks 0.023ms
[2024-08-24T12:29:58.219+0530][gc,marking  ] GC(6) Concurrent Cleanup for Next Mark
[2024-08-24T12:29:58.221+0530][gc,marking  ] GC(6) Concurrent Cleanup for Next Mark 1.806ms
[2024-08-24T12:29:58.221+0530][gc          ] GC(6) Concurrent Mark Cycle 27.777ms
[2024-08-24T12:42:42.880+0530][gc,start    ] GC(7) Pause Young (Prepare Mixed) (G1 Evacuation Pause)
[2024-08-24T12:42:42.881+0530][gc,task     ] GC(7) Using 8 workers of 8 for evacuation
[2024-08-24T12:42:42.891+0530][gc,phases   ] GC(7)   Pre Evacuate Collection Set: 0.35ms
[2024-08-24T12:42:42.891+0530][gc,phases   ] GC(7)   Merge Heap Roots: 0.13ms
[2024-08-24T12:42:42.891+0530][gc,phases   ] GC(7)   Evacuate Collection Set: 8.53ms
[2024-08-24T12:42:42.891+0530][gc,phases   ] GC(7)   Post Evacuate Collection Set: 0.94ms
[2024-08-24T12:42:42.891+0530][gc,phases   ] GC(7)   Other: 0.19ms
[2024-08-24T12:42:42.891+0530][gc,heap     ] GC(7) Eden regions: 50->0(46)
[2024-08-24T12:42:42.891+0530][gc,heap     ] GC(7) Survivor regions: 1->5(7)
[2024-08-24T12:42:42.891+0530][gc,heap     ] GC(7) Old regions: 16->16
[2024-08-24T12:42:42.891+0530][gc,heap     ] GC(7) Humongous regions: 129->129
[2024-08-24T12:42:42.891+0530][gc,metaspace] GC(7) Metaspace: 42529K(43264K)->42529K(43264K) NonClass: 37328K(37760K)->37328K(37760K) Class: 5200K(5504K)->5200K(5504K)
[2024-08-24T12:42:42.891+0530][gc          ] GC(7) Pause Young (Prepare Mixed) (G1 Evacuation Pause) 195M->149M(1024M) 10.852ms
[2024-08-24T12:42:42.891+0530][gc,cpu      ] GC(7) User=0.03s Sys=0.00s Real=0.01s
[2024-08-24T12:55:39.890+0530][gc,start    ] GC(8) Pause Young (Mixed) (G1 Evacuation Pause)
[2024-08-24T12:55:39.892+0530][gc,task     ] GC(8) Using 8 workers of 8 for evacuation
[2024-08-24T12:55:39.900+0530][gc,phases   ] GC(8)   Pre Evacuate Collection Set: 0.42ms
[2024-08-24T12:55:39.900+0530][gc,phases   ] GC(8)   Merge Heap Roots: 0.12ms
[2024-08-24T12:55:39.900+0530][gc,phases   ] GC(8)   Evacuate Collection Set: 6.87ms
[2024-08-24T12:55:39.900+0530][gc,phases   ] GC(8)   Post Evacuate Collection Set: 0.49ms
[2024-08-24T12:55:39.900+0530][gc,phases   ] GC(8)   Other: 0.19ms
[2024-08-24T12:55:39.900+0530][gc,heap     ] GC(8) Eden regions: 46->0(48)
[2024-08-24T12:55:39.900+0530][gc,heap     ] GC(8) Survivor regions: 5->3(7)
[2024-08-24T12:55:39.900+0530][gc,heap     ] GC(8) Old regions: 16->20
[2024-08-24T12:55:39.900+0530][gc,heap     ] GC(8) Humongous regions: 129->129
[2024-08-24T12:55:39.900+0530][gc,metaspace] GC(8) Metaspace: 43346K(43968K)->43346K(43968K) NonClass: 38098K(38464K)->38098K(38464K) Class: 5247K(5504K)->5247K(5504K)
[2024-08-24T12:55:39.900+0530][gc          ] GC(8) Pause Young (Mixed) (G1 Evacuation Pause) 195M->150M(1024M) 9.608ms
[2024-08-24T12:55:39.900+0530][gc,cpu      ] GC(8) User=0.04s Sys=0.00s Real=0.01s
[2024-08-24T13:07:27.299+0530][gc,start    ] GC(9) Pause Young (Normal) (G1 Evacuation Pause)
[2024-08-24T13:07:27.300+0530][gc,task     ] GC(9) Using 8 workers of 8 for evacuation
[2024-08-24T13:07:27.310+0530][gc,phases   ] GC(9)   Pre Evacuate Collection Set: 0.51ms
[2024-08-24T13:07:27.310+0530][gc,phases   ] GC(9)   Merge Heap Roots: 0.17ms
[2024-08-24T13:07:27.310+0530][gc,phases   ] GC(9)   Evacuate Collection Set: 7.78ms
[2024-08-24T13:07:27.310+0530][gc,phases   ] GC(9)   Post Evacuate Collection Set: 0.44ms
[2024-08-24T13:07:27.310+0530][gc,phases   ] GC(9)   Other: 0.24ms
[2024-08-24T13:07:27.310+0530][gc,heap     ] GC(9) Eden regions: 48->0(46)
[2024-08-24T13:07:27.310+0530][gc,heap     ] GC(9) Survivor regions: 3->5(7)
[2024-08-24T13:07:27.310+0530][gc,heap     ] GC(9) Old regions: 20->20
[2024-08-24T13:07:27.310+0530][gc,heap     ] GC(9) Humongous regions: 129->129
[2024-08-24T13:07:27.310+0530][gc,metaspace] GC(9) Metaspace: 43443K(44096K)->43443K(44096K) NonClass: 38192K(38592K)->38192K(38592K) Class: 5250K(5504K)->5250K(5504K)
[2024-08-24T13:07:27.310+0530][gc          ] GC(9) Pause Young (Normal) (G1 Evacuation Pause) 198M->153M(1024M) 10.976ms
[2024-08-24T13:07:27.310+0530][gc,cpu      ] GC(9) User=0.03s Sys=0.00s Real=0.02s
[2024-08-24T13:19:34.690+0530][gc,start    ] GC(10) Pause Young (Normal) (G1 Evacuation Pause)
[2024-08-24T13:19:34.691+0530][gc,task     ] GC(10) Using 8 workers of 8 for evacuation
[2024-08-24T13:19:34.702+0530][gc,phases   ] GC(10)   Pre Evacuate Collection Set: 0.67ms
[2024-08-24T13:19:34.702+0530][gc,phases   ] GC(10)   Merge Heap Roots: 0.11ms
[2024-08-24T13:19:34.702+0530][gc,phases   ] GC(10)   Evacuate Collection Set: 10.32ms
[2024-08-24T13:19:34.702+0530][gc,phases   ] GC(10)   Post Evacuate Collection Set: 0.49ms
[2024-08-24T13:19:34.703+0530][gc,phases   ] GC(10)   Other: 0.20ms
[2024-08-24T13:19:34.703+0530][gc,heap     ] GC(10) Eden regions: 46->0(45)
[2024-08-24T13:19:34.703+0530][gc,heap     ] GC(10) Survivor regions: 5->6(7)
[2024-08-24T13:19:34.703+0530][gc,heap     ] GC(10) Old regions: 20->21
[2024-08-24T13:19:34.703+0530][gc,heap     ] GC(10) Humongous regions: 129->129
[2024-08-24T13:19:34.703+0530][gc,metaspace] GC(10) Metaspace: 43646K(44288K)->43646K(44288K) NonClass: 38373K(38720K)->38373K(38720K) Class: 5272K(5568K)->5272K(5568K)
[2024-08-24T13:19:34.703+0530][gc          ] GC(10) Pause Young (Normal) (G1 Evacuation Pause) 199M->155M(1024M) 13.044ms
[2024-08-24T13:19:34.703+0530][gc,cpu      ] GC(10) User=0.03s Sys=0.01s Real=0.01s
[2024-08-24T15:32:38.261+0530][gc,start    ] GC(11) Pause Young (Normal) (G1 Evacuation Pause)
[2024-08-24T15:32:38.263+0530][gc,task     ] GC(11) Using 8 workers of 8 for evacuation
[2024-08-24T15:32:38.277+0530][gc,phases   ] GC(11)   Pre Evacuate Collection Set: 1.12ms
[2024-08-24T15:32:38.277+0530][gc,phases   ] GC(11)   Merge Heap Roots: 0.32ms
[2024-08-24T15:32:38.277+0530][gc,phases   ] GC(11)   Evacuate Collection Set: 12.33ms
[2024-08-24T15:32:38.277+0530][gc,phases   ] GC(11)   Post Evacuate Collection Set: 0.51ms
[2024-08-24T15:32:38.277+0530][gc,phases   ] GC(11)   Other: 0.22ms
[2024-08-24T15:32:38.277+0530][gc,heap     ] GC(11) Eden regions: 45->0(44)
[2024-08-24T15:32:38.277+0530][gc,heap     ] GC(11) Survivor regions: 6->7(7)
[2024-08-24T15:32:38.277+0530][gc,heap     ] GC(11) Old regions: 21->24
[2024-08-24T15:32:38.277+0530][gc,heap     ] GC(11) Humongous regions: 129->129
[2024-08-24T15:32:38.277+0530][gc,metaspace] GC(11) Metaspace: 43721K(44352K)->43721K(44352K) NonClass: 38445K(38784K)->38445K(38784K) Class: 5276K(5568K)->5276K(5568K)
[2024-08-24T15:32:38.277+0530][gc          ] GC(11) Pause Young (Normal) (G1 Evacuation Pause) 200M->159M(1024M) 16.242ms
[2024-08-24T15:32:38.277+0530][gc,cpu      ] GC(11) User=0.03s Sys=0.01s Real=0.01s
[2024-08-24T15:48:57.655+0530][gc,start    ] GC(12) Pause Young (Normal) (G1 Evacuation Pause)
[2024-08-24T15:48:57.656+0530][gc,task     ] GC(12) Using 8 workers of 8 for evacuation
[2024-08-24T15:48:57.670+0530][gc,phases   ] GC(12)   Pre Evacuate Collection Set: 1.16ms
[2024-08-24T15:48:57.670+0530][gc,phases   ] GC(12)   Merge Heap Roots: 0.16ms
[2024-08-24T15:48:57.670+0530][gc,phases   ] GC(12)   Evacuate Collection Set: 12.21ms
[2024-08-24T15:48:57.670+0530][gc,phases   ] GC(12)   Post Evacuate Collection Set: 0.42ms
[2024-08-24T15:48:57.670+0530][gc,phases   ] GC(12)   Other: 0.29ms
[2024-08-24T15:48:57.670+0530][gc,heap     ] GC(12) Eden regions: 44->0(48)
[2024-08-24T15:48:57.670+0530][gc,heap     ] GC(12) Survivor regions: 7->3(7)
[2024-08-24T15:48:57.670+0530][gc,heap     ] GC(12) Old regions: 24->29
[2024-08-24T15:48:57.670+0530][gc,heap     ] GC(12) Humongous regions: 129->129
[2024-08-24T15:48:57.670+0530][gc,metaspace] GC(12) Metaspace: 44664K(45312K)->44664K(45312K) NonClass: 39244K(39616K)->39244K(39616K) Class: 5420K(5696K)->5420K(5696K)
[2024-08-24T15:48:57.670+0530][gc          ] GC(12) Pause Young (Normal) (G1 Evacuation Pause) 203M->160M(1024M) 15.771ms
[2024-08-24T15:48:57.670+0530][gc,cpu      ] GC(12) User=0.03s Sys=0.01s Real=0.02s
[2024-08-24T15:54:59.832+0530][gc,start    ] GC(13) Pause Young (Normal) (G1 Evacuation Pause)
[2024-08-24T15:54:59.832+0530][gc,task     ] GC(13) Using 8 workers of 8 for evacuation
[2024-08-24T15:54:59.838+0530][gc,phases   ] GC(13)   Pre Evacuate Collection Set: 0.26ms
[2024-08-24T15:54:59.839+0530][gc,phases   ] GC(13)   Merge Heap Roots: 0.07ms
[2024-08-24T15:54:59.839+0530][gc,phases   ] GC(13)   Evacuate Collection Set: 5.44ms
[2024-08-24T15:54:59.839+0530][gc,phases   ] GC(13)   Post Evacuate Collection Set: 0.36ms
[2024-08-24T15:54:59.839+0530][gc,phases   ] GC(13)   Other: 0.14ms
[2024-08-24T15:54:59.839+0530][gc,heap     ] GC(13) Eden regions: 48->0(46)
[2024-08-24T15:54:59.839+0530][gc,heap     ] GC(13) Survivor regions: 3->5(7)
[2024-08-24T15:54:59.839+0530][gc,heap     ] GC(13) Old regions: 29->29
[2024-08-24T15:54:59.839+0530][gc,heap     ] GC(13) Humongous regions: 129->129
[2024-08-24T15:54:59.839+0530][gc,metaspace] GC(13) Metaspace: 44666K(45312K)->44666K(45312K) NonClass: 39245K(39616K)->39245K(39616K) Class: 5420K(5696K)->5420K(5696K)
[2024-08-24T15:54:59.839+0530][gc          ] GC(13) Pause Young (Normal) (G1 Evacuation Pause) 208M->162M(1024M) 6.998ms
[2024-08-24T15:54:59.839+0530][gc,cpu      ] GC(13) User=0.02s Sys=0.00s Real=0.00s
[2024-08-24T16:01:08.467+0530][gc,start    ] GC(14) Pause Young (Normal) (G1 Evacuation Pause)
[2024-08-24T16:01:08.469+0530][gc,task     ] GC(14) Using 8 workers of 8 for evacuation
[2024-08-24T16:01:08.479+0530][gc,phases   ] GC(14)   Pre Evacuate Collection Set: 1.09ms
[2024-08-24T16:01:08.479+0530][gc,phases   ] GC(14)   Merge Heap Roots: 0.26ms
[2024-08-24T16:01:08.479+0530][gc,phases   ] GC(14)   Evacuate Collection Set: 8.36ms
[2024-08-24T16:01:08.479+0530][gc,phases   ] GC(14)   Post Evacuate Collection Set: 0.45ms
[2024-08-24T16:01:08.479+0530][gc,phases   ] GC(14)   Other: 0.29ms
[2024-08-24T16:01:08.479+0530][gc,heap     ] GC(14) Eden regions: 47->0(45)
[2024-08-24T16:01:08.479+0530][gc,heap     ] GC(14) Survivor regions: 5->7(7)
[2024-08-24T16:01:08.479+0530][gc,heap     ] GC(14) Old regions: 29->31
[2024-08-24T16:01:08.479+0530][gc,heap     ] GC(14) Humongous regions: 129->129
[2024-08-24T16:01:08.479+0530][gc,metaspace] GC(14) Metaspace: 44669K(45312K)->44669K(45312K) NonClass: 39248K(39616K)->39248K(39616K) Class: 5420K(5696K)->5420K(5696K)
[2024-08-24T16:01:08.479+0530][gc          ] GC(14) Pause Young (Normal) (G1 Evacuation Pause) 209M->165M(1024M) 11.928ms
[2024-08-24T16:01:08.479+0530][gc,cpu      ] GC(14) User=0.03s Sys=0.01s Real=0.01s
[2024-08-24T16:02:14.414+0530][gc,heap,exit] Heap
[2024-08-24T16:02:14.414+0530][gc,heap,exit]  garbage-first heap   total reserved 1048576K, committed 1048576K, used 198386K [0x00000007c0000000, 0x0000000800000000)
[2024-08-24T16:02:14.414+0530][gc,heap,exit]   region size 1024K, 35 young (35840K), 7 survivors (7168K)
[2024-08-24T16:02:14.414+0530][gc,heap,exit]  Metaspace       used 46216K, committed 46912K, reserved 1114112K
[2024-08-24T16:02:14.414+0530][gc,heap,exit]   class space    used 5750K, committed 6080K, reserved 1048576K
