[2024-08-24T15:35:10.691+0530][gc,init] CardTable entry size: 512
[2024-08-24T15:35:10.691+0530][gc     ] Using G1
[2024-08-24T15:35:10.692+0530][gc,init] Version: 22.0.1+8-16 (release)
[2024-08-24T15:35:10.692+0530][gc,init] CPUs: 8 total, 8 available
[2024-08-24T15:35:10.692+0530][gc,init] Memory: 8192M
[2024-08-24T15:35:10.692+0530][gc,init] Large Page Support: Disabled
[2024-08-24T15:35:10.692+0530][gc,init] NUMA Support: Disabled
[2024-08-24T15:35:10.692+0530][gc,init] Compressed Oops: Enabled (Zero based)
[2024-08-24T15:35:10.692+0530][gc,init] Heap Region Size: 1M
[2024-08-24T15:35:10.692+0530][gc,init] Heap Min Capacity: 1G
[2024-08-24T15:35:10.692+0530][gc,init] Heap Initial Capacity: 1G
[2024-08-24T15:35:10.692+0530][gc,init] Heap Max Capacity: 1G
[2024-08-24T15:35:10.692+0530][gc,init] Pre-touch: Disabled
[2024-08-24T15:35:10.692+0530][gc,init] Parallel Workers: 8
[2024-08-24T15:35:10.692+0530][gc,init] Concurrent Workers: 2
[2024-08-24T15:35:10.692+0530][gc,init] Concurrent Refinement Workers: 8
[2024-08-24T15:35:10.692+0530][gc,init] Periodic GC: Disabled
[2024-08-24T15:35:10.696+0530][gc,metaspace] CDS archive(s) mapped at: [0x0000000700000000-0x0000000700c70000-0x0000000700c70000), size 13041664, SharedBaseAddress: 0x0000000700000000, ArchiveRelocationMode: 1.
[2024-08-24T15:35:10.696+0530][gc,metaspace] Compressed class space mapped at: 0x0000000701000000-0x0000000741000000, reserved size: 1073741824
[2024-08-24T15:35:10.696+0530][gc,metaspace] Narrow klass base: 0x0000000700000000, Narrow klass shift: 0, Narrow klass range: 0x100000000
[2024-08-24T15:35:11.481+0530][gc,start    ] GC(0) Pause Young (Normal) (G1 Evacuation Pause)
[2024-08-24T15:35:11.481+0530][gc,task     ] GC(0) Using 8 workers of 8 for evacuation
[2024-08-24T15:35:11.483+0530][gc,phases   ] GC(0)   Pre Evacuate Collection Set: 0.15ms
[2024-08-24T15:35:11.484+0530][gc,phases   ] GC(0)   Merge Heap Roots: 0.04ms
[2024-08-24T15:35:11.484+0530][gc,phases   ] GC(0)   Evacuate Collection Set: 2.15ms
[2024-08-24T15:35:11.484+0530][gc,phases   ] GC(0)   Post Evacuate Collection Set: 0.24ms
[2024-08-24T15:35:11.484+0530][gc,phases   ] GC(0)   Other: 0.18ms
[2024-08-24T15:35:11.484+0530][gc,heap     ] GC(0) Eden regions: 51->0(44)
[2024-08-24T15:35:11.484+0530][gc,heap     ] GC(0) Survivor regions: 0->7(7)
[2024-08-24T15:35:11.484+0530][gc,heap     ] GC(0) Old regions: 2->3
[2024-08-24T15:35:11.484+0530][gc,heap     ] GC(0) Humongous regions: 0->0
[2024-08-24T15:35:11.484+0530][gc,metaspace] GC(0) Metaspace: 16995K(17216K)->16995K(17216K) NonClass: 14958K(15104K)->14958K(15104K) Class: 2037K(2112K)->2037K(2112K)
[2024-08-24T15:35:11.484+0530][gc          ] GC(0) Pause Young (Normal) (G1 Evacuation Pause) 52M->8M(1024M) 2.931ms
[2024-08-24T15:35:11.484+0530][gc,cpu      ] GC(0) User=0.01s Sys=0.00s Real=0.00s
[2024-08-24T15:35:11.601+0530][gc,start    ] GC(1) Pause Young (Concurrent Start) (Metadata GC Threshold)
[2024-08-24T15:35:11.601+0530][gc,task     ] GC(1) Using 8 workers of 8 for evacuation
[2024-08-24T15:35:11.604+0530][gc,phases   ] GC(1)   Pre Evacuate Collection Set: 0.14ms
[2024-08-24T15:35:11.604+0530][gc,phases   ] GC(1)   Merge Heap Roots: 0.03ms
[2024-08-24T15:35:11.604+0530][gc,phases   ] GC(1)   Evacuate Collection Set: 2.05ms
[2024-08-24T15:35:11.604+0530][gc,phases   ] GC(1)   Post Evacuate Collection Set: 0.18ms
[2024-08-24T15:35:11.604+0530][gc,phases   ] GC(1)   Other: 0.05ms
[2024-08-24T15:35:11.604+0530][gc,heap     ] GC(1) Eden regions: 16->0(49)
[2024-08-24T15:35:11.604+0530][gc,heap     ] GC(1) Survivor regions: 7->2(7)
[2024-08-24T15:35:11.604+0530][gc,heap     ] GC(1) Old regions: 3->11
[2024-08-24T15:35:11.604+0530][gc,heap     ] GC(1) Humongous regions: 0->0
[2024-08-24T15:35:11.604+0530][gc,metaspace] GC(1) Metaspace: 21257K(21504K)->21257K(21504K) NonClass: 18698K(18816K)->18698K(18816K) Class: 2558K(2688K)->2558K(2688K)
[2024-08-24T15:35:11.604+0530][gc          ] GC(1) Pause Young (Concurrent Start) (Metadata GC Threshold) 24M->11M(1024M) 2.587ms
[2024-08-24T15:35:11.604+0530][gc          ] GC(2) Concurrent Mark Cycle
[2024-08-24T15:35:11.604+0530][gc,cpu      ] GC(1) User=0.01s Sys=0.00s Real=0.00s
[2024-08-24T15:35:11.604+0530][gc,marking  ] GC(2) Concurrent Scan Root Regions
[2024-08-24T15:35:11.606+0530][gc,marking  ] GC(2) Concurrent Scan Root Regions 1.691ms
[2024-08-24T15:35:11.606+0530][gc,marking  ] GC(2) Concurrent Mark
[2024-08-24T15:35:11.606+0530][gc,marking  ] GC(2) Concurrent Mark From Roots
[2024-08-24T15:35:11.606+0530][gc,task     ] GC(2) Using 2 workers of 2 for marking
[2024-08-24T15:35:11.608+0530][gc,marking  ] GC(2) Concurrent Mark From Roots 2.084ms
[2024-08-24T15:35:11.608+0530][gc,marking  ] GC(2) Concurrent Preclean
[2024-08-24T15:35:11.608+0530][gc,marking  ] GC(2) Concurrent Preclean 0.007ms
[2024-08-24T15:35:11.608+0530][gc,start    ] GC(2) Pause Remark
[2024-08-24T15:35:11.609+0530][gc          ] GC(2) Pause Remark 11M->11M(1024M) 1.264ms
[2024-08-24T15:35:11.609+0530][gc,cpu      ] GC(2) User=0.00s Sys=0.00s Real=0.00s
[2024-08-24T15:35:11.609+0530][gc,marking  ] GC(2) Concurrent Mark 3.491ms
[2024-08-24T15:35:11.609+0530][gc,marking  ] GC(2) Concurrent Rebuild Remembered Sets and Scrub Regions
[2024-08-24T15:35:11.611+0530][gc,marking  ] GC(2) Concurrent Rebuild Remembered Sets and Scrub Regions 1.663ms
[2024-08-24T15:35:11.611+0530][gc,start    ] GC(2) Pause Cleanup
[2024-08-24T15:35:11.611+0530][gc          ] GC(2) Pause Cleanup 11M->11M(1024M) 0.073ms
[2024-08-24T15:35:11.611+0530][gc,cpu      ] GC(2) User=0.00s Sys=0.00s Real=0.00s
[2024-08-24T15:35:11.611+0530][gc,marking  ] GC(2) Concurrent Clear Claimed Marks
[2024-08-24T15:35:11.611+0530][gc,marking  ] GC(2) Concurrent Clear Claimed Marks 0.011ms
[2024-08-24T15:35:11.611+0530][gc,marking  ] GC(2) Concurrent Cleanup for Next Mark
[2024-08-24T15:35:11.613+0530][gc,marking  ] GC(2) Concurrent Cleanup for Next Mark 2.090ms
[2024-08-24T15:35:11.613+0530][gc          ] GC(2) Concurrent Mark Cycle 9.251ms
[2024-08-24T15:35:11.941+0530][gc,start    ] GC(3) Pause Young (Prepare Mixed) (G1 Evacuation Pause)
[2024-08-24T15:35:11.941+0530][gc,task     ] GC(3) Using 8 workers of 8 for evacuation
[2024-08-24T15:35:11.943+0530][gc,phases   ] GC(3)   Pre Evacuate Collection Set: 0.13ms
[2024-08-24T15:35:11.943+0530][gc,phases   ] GC(3)   Merge Heap Roots: 0.04ms
[2024-08-24T15:35:11.943+0530][gc,phases   ] GC(3)   Evacuate Collection Set: 1.85ms
[2024-08-24T15:35:11.943+0530][gc,phases   ] GC(3)   Post Evacuate Collection Set: 0.23ms
[2024-08-24T15:35:11.943+0530][gc,phases   ] GC(3)   Other: 0.04ms
[2024-08-24T15:35:11.943+0530][gc,heap     ] GC(3) Eden regions: 49->0(44)
[2024-08-24T15:35:11.943+0530][gc,heap     ] GC(3) Survivor regions: 2->7(7)
[2024-08-24T15:35:11.943+0530][gc,heap     ] GC(3) Old regions: 11->11
[2024-08-24T15:35:11.943+0530][gc,heap     ] GC(3) Humongous regions: 129->129
[2024-08-24T15:35:11.943+0530][gc,metaspace] GC(3) Metaspace: 32368K(32704K)->32368K(32704K) NonClass: 28708K(28928K)->28708K(28928K) Class: 3659K(3776K)->3659K(3776K)
[2024-08-24T15:35:11.943+0530][gc          ] GC(3) Pause Young (Prepare Mixed) (G1 Evacuation Pause) 189M->145M(1024M) 2.426ms
[2024-08-24T15:35:11.943+0530][gc,cpu      ] GC(3) User=0.02s Sys=0.00s Real=0.00s
[2024-08-24T15:46:02.812+0530][gc,start    ] GC(4) Pause Young (Mixed) (Metadata GC Threshold)
[2024-08-24T15:46:02.814+0530][gc,task     ] GC(4) Using 8 workers of 8 for evacuation
[2024-08-24T15:46:02.819+0530][gc,phases   ] GC(4)   Pre Evacuate Collection Set: 0.16ms
[2024-08-24T15:46:02.819+0530][gc,phases   ] GC(4)   Merge Heap Roots: 0.19ms
[2024-08-24T15:46:02.819+0530][gc,phases   ] GC(4)   Evacuate Collection Set: 4.51ms
[2024-08-24T15:46:02.819+0530][gc,phases   ] GC(4)   Post Evacuate Collection Set: 0.27ms
[2024-08-24T15:46:02.819+0530][gc,phases   ] GC(4)   Other: 0.07ms
[2024-08-24T15:46:02.819+0530][gc,heap     ] GC(4) Eden regions: 19->0(49)
[2024-08-24T15:46:02.819+0530][gc,heap     ] GC(4) Survivor regions: 7->2(7)
[2024-08-24T15:46:02.819+0530][gc,heap     ] GC(4) Old regions: 11->17
[2024-08-24T15:46:02.819+0530][gc,heap     ] GC(4) Humongous regions: 129->129
[2024-08-24T15:46:02.819+0530][gc,metaspace] GC(4) Metaspace: 35691K(35968K)->35691K(35968K) NonClass: 31645K(31808K)->31645K(31808K) Class: 4045K(4160K)->4045K(4160K)
[2024-08-24T15:46:02.819+0530][gc          ] GC(4) Pause Young (Mixed) (Metadata GC Threshold) 164M->146M(1024M) 6.821ms
[2024-08-24T15:46:02.819+0530][gc,cpu      ] GC(4) User=0.02s Sys=0.00s Real=0.00s
[2024-08-24T15:46:02.835+0530][gc,start    ] GC(5) Pause Young (Concurrent Start) (Metadata GC Threshold)
[2024-08-24T15:46:02.835+0530][gc,task     ] GC(5) Using 8 workers of 8 for evacuation
[2024-08-24T15:46:02.837+0530][gc,phases   ] GC(5)   Pre Evacuate Collection Set: 0.28ms
[2024-08-24T15:46:02.837+0530][gc,phases   ] GC(5)   Merge Heap Roots: 0.69ms
[2024-08-24T15:46:02.837+0530][gc,phases   ] GC(5)   Evacuate Collection Set: 0.96ms
[2024-08-24T15:46:02.837+0530][gc,phases   ] GC(5)   Post Evacuate Collection Set: 0.23ms
[2024-08-24T15:46:02.837+0530][gc,phases   ] GC(5)   Other: 0.05ms
[2024-08-24T15:46:02.837+0530][gc,heap     ] GC(5) Eden regions: 3->0(50)
[2024-08-24T15:46:02.837+0530][gc,heap     ] GC(5) Survivor regions: 2->1(7)
[2024-08-24T15:46:02.837+0530][gc,heap     ] GC(5) Old regions: 17->17
[2024-08-24T15:46:02.837+0530][gc,heap     ] GC(5) Humongous regions: 129->129
[2024-08-24T15:46:02.837+0530][gc,metaspace] GC(5) Metaspace: 35992K(36288K)->35992K(36288K) NonClass: 31899K(32064K)->31899K(32064K) Class: 4093K(4224K)->4093K(4224K)
[2024-08-24T15:46:02.837+0530][gc          ] GC(5) Pause Young (Concurrent Start) (Metadata GC Threshold) 148M->146M(1024M) 2.313ms
[2024-08-24T15:46:02.837+0530][gc,cpu      ] GC(5) User=0.01s Sys=0.00s Real=0.00s
[2024-08-24T15:46:02.837+0530][gc          ] GC(6) Concurrent Mark Cycle
[2024-08-24T15:46:02.837+0530][gc,marking  ] GC(6) Concurrent Scan Root Regions
[2024-08-24T15:46:02.838+0530][gc,marking  ] GC(6) Concurrent Scan Root Regions 0.791ms
[2024-08-24T15:46:02.838+0530][gc,marking  ] GC(6) Concurrent Mark
[2024-08-24T15:46:02.838+0530][gc,marking  ] GC(6) Concurrent Mark From Roots
[2024-08-24T15:46:02.838+0530][gc,task     ] GC(6) Using 2 workers of 2 for marking
[2024-08-24T15:46:02.847+0530][gc,marking  ] GC(6) Concurrent Mark From Roots 8.580ms
[2024-08-24T15:46:02.847+0530][gc,marking  ] GC(6) Concurrent Preclean
[2024-08-24T15:46:02.847+0530][gc,marking  ] GC(6) Concurrent Preclean 0.081ms
[2024-08-24T15:46:02.847+0530][gc,start    ] GC(6) Pause Remark
[2024-08-24T15:46:02.849+0530][gc          ] GC(6) Pause Remark 146M->146M(1024M) 2.091ms
[2024-08-24T15:46:02.849+0530][gc,cpu      ] GC(6) User=0.00s Sys=0.00s Real=0.00s
[2024-08-24T15:46:02.849+0530][gc,marking  ] GC(6) Concurrent Mark 11.060ms
[2024-08-24T15:46:02.849+0530][gc,marking  ] GC(6) Concurrent Rebuild Remembered Sets and Scrub Regions
[2024-08-24T15:46:02.854+0530][gc,marking  ] GC(6) Concurrent Rebuild Remembered Sets and Scrub Regions 4.569ms
[2024-08-24T15:46:02.855+0530][gc,start    ] GC(6) Pause Cleanup
[2024-08-24T15:46:02.855+0530][gc          ] GC(6) Pause Cleanup 147M->147M(1024M) 0.287ms
[2024-08-24T15:46:02.855+0530][gc,cpu      ] GC(6) User=0.00s Sys=0.00s Real=0.00s
[2024-08-24T15:46:02.855+0530][gc,marking  ] GC(6) Concurrent Clear Claimed Marks
[2024-08-24T15:46:02.855+0530][gc,marking  ] GC(6) Concurrent Clear Claimed Marks 0.041ms
[2024-08-24T15:46:02.855+0530][gc,marking  ] GC(6) Concurrent Cleanup for Next Mark
[2024-08-24T15:46:02.858+0530][gc,marking  ] GC(6) Concurrent Cleanup for Next Mark 2.484ms
[2024-08-24T15:46:02.858+0530][gc          ] GC(6) Concurrent Mark Cycle 20.561ms
[2024-08-24T15:50:51.294+0530][gc,start    ] GC(7) Pause Young (Prepare Mixed) (G1 Evacuation Pause)
[2024-08-24T15:50:51.295+0530][gc,task     ] GC(7) Using 8 workers of 8 for evacuation
[2024-08-24T15:50:51.304+0530][gc,phases   ] GC(7)   Pre Evacuate Collection Set: 0.94ms
[2024-08-24T15:50:51.304+0530][gc,phases   ] GC(7)   Merge Heap Roots: 0.21ms
[2024-08-24T15:50:51.304+0530][gc,phases   ] GC(7)   Evacuate Collection Set: 6.55ms
[2024-08-24T15:50:51.304+0530][gc,phases   ] GC(7)   Post Evacuate Collection Set: 0.72ms
[2024-08-24T15:50:51.304+0530][gc,phases   ] GC(7)   Other: 0.17ms
[2024-08-24T15:50:51.304+0530][gc,heap     ] GC(7) Eden regions: 50->0(47)
[2024-08-24T15:50:51.304+0530][gc,heap     ] GC(7) Survivor regions: 1->4(7)
[2024-08-24T15:50:51.304+0530][gc,heap     ] GC(7) Old regions: 17->17
[2024-08-24T15:50:51.304+0530][gc,heap     ] GC(7) Humongous regions: 129->129
[2024-08-24T15:50:51.304+0530][gc,metaspace] GC(7) Metaspace: 39845K(40320K)->39845K(40320K) NonClass: 35240K(35520K)->35240K(35520K) Class: 4605K(4800K)->4605K(4800K)
[2024-08-24T15:50:51.304+0530][gc          ] GC(7) Pause Young (Prepare Mixed) (G1 Evacuation Pause) 196M->149M(1024M) 10.204ms
[2024-08-24T15:50:51.304+0530][gc,cpu      ] GC(7) User=0.03s Sys=0.01s Real=0.01s
[2024-08-24T15:56:43.363+0530][gc,start    ] GC(8) Pause Young (Mixed) (G1 Evacuation Pause)
[2024-08-24T15:56:43.364+0530][gc,task     ] GC(8) Using 8 workers of 8 for evacuation
[2024-08-24T15:56:43.370+0530][gc,phases   ] GC(8)   Pre Evacuate Collection Set: 0.33ms
[2024-08-24T15:56:43.371+0530][gc,phases   ] GC(8)   Merge Heap Roots: 0.09ms
[2024-08-24T15:56:43.371+0530][gc,phases   ] GC(8)   Evacuate Collection Set: 5.44ms
[2024-08-24T15:56:43.371+0530][gc,phases   ] GC(8)   Post Evacuate Collection Set: 0.59ms
[2024-08-24T15:56:43.371+0530][gc,phases   ] GC(8)   Other: 0.15ms
[2024-08-24T15:56:43.371+0530][gc,heap     ] GC(8) Eden regions: 47->0(47)
[2024-08-24T15:56:43.371+0530][gc,heap     ] GC(8) Survivor regions: 4->4(7)
[2024-08-24T15:56:43.371+0530][gc,heap     ] GC(8) Old regions: 17->17
[2024-08-24T15:56:43.371+0530][gc,heap     ] GC(8) Humongous regions: 129->129
[2024-08-24T15:56:43.371+0530][gc,metaspace] GC(8) Metaspace: 39924K(40512K)->39924K(40512K) NonClass: 35316K(35648K)->35316K(35648K) Class: 4607K(4864K)->4607K(4864K)
[2024-08-24T15:56:43.371+0530][gc          ] GC(8) Pause Young (Mixed) (G1 Evacuation Pause) 196M->149M(1024M) 7.852ms
[2024-08-24T15:56:43.371+0530][gc,cpu      ] GC(8) User=0.02s Sys=0.00s Real=0.01s
[2024-08-24T16:02:14.354+0530][gc,start    ] GC(9) Pause Young (Normal) (G1 Evacuation Pause)
[2024-08-24T16:02:14.354+0530][gc,task     ] GC(9) Using 8 workers of 8 for evacuation
[2024-08-24T16:02:14.357+0530][gc,phases   ] GC(9)   Pre Evacuate Collection Set: 0.30ms
[2024-08-24T16:02:14.357+0530][gc,phases   ] GC(9)   Merge Heap Roots: 0.06ms
[2024-08-24T16:02:14.357+0530][gc,phases   ] GC(9)   Evacuate Collection Set: 2.37ms
[2024-08-24T16:02:14.357+0530][gc,phases   ] GC(9)   Post Evacuate Collection Set: 0.21ms
[2024-08-24T16:02:14.357+0530][gc,phases   ] GC(9)   Other: 0.05ms
[2024-08-24T16:02:14.357+0530][gc,heap     ] GC(9) Eden regions: 47->0(47)
[2024-08-24T16:02:14.357+0530][gc,heap     ] GC(9) Survivor regions: 4->4(7)
[2024-08-24T16:02:14.357+0530][gc,heap     ] GC(9) Old regions: 17->18
[2024-08-24T16:02:14.357+0530][gc,heap     ] GC(9) Humongous regions: 129->129
[2024-08-24T16:02:14.357+0530][gc,metaspace] GC(9) Metaspace: 41030K(41536K)->41030K(41536K) NonClass: 36189K(36480K)->36189K(36480K) Class: 4840K(5056K)->4840K(5056K)
[2024-08-24T16:02:14.357+0530][gc          ] GC(9) Pause Young (Normal) (G1 Evacuation Pause) 196M->150M(1024M) 3.317ms
[2024-08-24T16:02:14.357+0530][gc,cpu      ] GC(9) User=0.01s Sys=0.01s Real=0.00s
[2024-08-24T16:02:24.089+0530][gc,heap,exit] Heap
[2024-08-24T16:02:24.089+0530][gc,heap,exit]  garbage-first heap   total reserved 1048576K, committed 1048576K, used 171825K [0x00000007c0000000, 0x0000000800000000)
[2024-08-24T16:02:24.089+0530][gc,heap,exit]   region size 1024K, 22 young (22528K), 4 survivors (4096K)
[2024-08-24T16:02:24.089+0530][gc,heap,exit]  Metaspace       used 42484K, committed 43136K, reserved 1114112K
[2024-08-24T16:02:24.089+0530][gc,heap,exit]   class space    used 5136K, committed 5376K, reserved 1048576K
