[2024-08-24T15:35:41.206+0530][gc,init] CardTable entry size: 512
[2024-08-24T15:35:41.206+0530][gc     ] Using G1
[2024-08-24T15:35:41.207+0530][gc,init] Version: 22.0.1+8-16 (release)
[2024-08-24T15:35:41.207+0530][gc,init] CPUs: 8 total, 8 available
[2024-08-24T15:35:41.207+0530][gc,init] Memory: 8192M
[2024-08-24T15:35:41.207+0530][gc,init] Large Page Support: Disabled
[2024-08-24T15:35:41.207+0530][gc,init] NUMA Support: Disabled
[2024-08-24T15:35:41.207+0530][gc,init] Compressed Oops: Enabled (Zero based)
[2024-08-24T15:35:41.207+0530][gc,init] Heap Region Size: 1M
[2024-08-24T15:35:41.207+0530][gc,init] Heap Min Capacity: 1G
[2024-08-24T15:35:41.207+0530][gc,init] Heap Initial Capacity: 1G
[2024-08-24T15:35:41.207+0530][gc,init] Heap Max Capacity: 1G
[2024-08-24T15:35:41.207+0530][gc,init] Pre-touch: Disabled
[2024-08-24T15:35:41.207+0530][gc,init] Parallel Workers: 8
[2024-08-24T15:35:41.207+0530][gc,init] Concurrent Workers: 2
[2024-08-24T15:35:41.207+0530][gc,init] Concurrent Refinement Workers: 8
[2024-08-24T15:35:41.207+0530][gc,init] Periodic GC: Disabled
[2024-08-24T15:35:41.210+0530][gc,metaspace] CDS archive(s) mapped at: [0x0000007000000000-0x0000007000c70000-0x0000007000c70000), size 13041664, SharedBaseAddress: 0x0000007000000000, ArchiveRelocationMode: 1.
[2024-08-24T15:35:41.210+0530][gc,metaspace] Compressed class space mapped at: 0x0000007001000000-0x0000007041000000, reserved size: 1073741824
[2024-08-24T15:35:41.210+0530][gc,metaspace] Narrow klass base: 0x0000007000000000, Narrow klass shift: 0, Narrow klass range: 0x100000000
[2024-08-24T15:35:41.957+0530][gc,start    ] GC(0) Pause Young (Normal) (G1 Evacuation Pause)
[2024-08-24T15:35:41.957+0530][gc,task     ] GC(0) Using 8 workers of 8 for evacuation
[2024-08-24T15:35:41.961+0530][gc,phases   ] GC(0)   Pre Evacuate Collection Set: 0.12ms
[2024-08-24T15:35:41.961+0530][gc,phases   ] GC(0)   Merge Heap Roots: 0.05ms
[2024-08-24T15:35:41.961+0530][gc,phases   ] GC(0)   Evacuate Collection Set: 3.18ms
[2024-08-24T15:35:41.961+0530][gc,phases   ] GC(0)   Post Evacuate Collection Set: 0.37ms
[2024-08-24T15:35:41.961+0530][gc,phases   ] GC(0)   Other: 0.42ms
[2024-08-24T15:35:41.961+0530][gc,heap     ] GC(0) Eden regions: 51->0(44)
[2024-08-24T15:35:41.961+0530][gc,heap     ] GC(0) Survivor regions: 0->7(7)
[2024-08-24T15:35:41.961+0530][gc,heap     ] GC(0) Old regions: 2->4
[2024-08-24T15:35:41.961+0530][gc,heap     ] GC(0) Humongous regions: 0->0
[2024-08-24T15:35:41.961+0530][gc,metaspace] GC(0) Metaspace: 16861K(17088K)->16861K(17088K) NonClass: 14836K(14976K)->14836K(14976K) Class: 2024K(2112K)->2024K(2112K)
[2024-08-24T15:35:41.961+0530][gc          ] GC(0) Pause Young (Normal) (G1 Evacuation Pause) 52M->9M(1024M) 4.334ms
[2024-08-24T15:35:41.961+0530][gc,cpu      ] GC(0) User=0.01s Sys=0.00s Real=0.01s
[2024-08-24T15:35:42.130+0530][gc,start    ] GC(1) Pause Young (Concurrent Start) (Metadata GC Threshold)
[2024-08-24T15:35:42.130+0530][gc,task     ] GC(1) Using 8 workers of 8 for evacuation
[2024-08-24T15:35:42.134+0530][gc,phases   ] GC(1)   Pre Evacuate Collection Set: 0.22ms
[2024-08-24T15:35:42.134+0530][gc,phases   ] GC(1)   Merge Heap Roots: 0.08ms
[2024-08-24T15:35:42.134+0530][gc,phases   ] GC(1)   Evacuate Collection Set: 3.54ms
[2024-08-24T15:35:42.134+0530][gc,phases   ] GC(1)   Post Evacuate Collection Set: 0.29ms
[2024-08-24T15:35:42.134+0530][gc,phases   ] GC(1)   Other: 0.18ms
[2024-08-24T15:35:42.134+0530][gc,heap     ] GC(1) Eden regions: 17->0(49)
[2024-08-24T15:35:42.134+0530][gc,heap     ] GC(1) Survivor regions: 7->2(7)
[2024-08-24T15:35:42.134+0530][gc,heap     ] GC(1) Old regions: 4->11
[2024-08-24T15:35:42.134+0530][gc,heap     ] GC(1) Humongous regions: 0->0
[2024-08-24T15:35:42.134+0530][gc,metaspace] GC(1) Metaspace: 21252K(21504K)->21252K(21504K) NonClass: 18692K(18816K)->18692K(18816K) Class: 2559K(2688K)->2559K(2688K)
[2024-08-24T15:35:42.134+0530][gc          ] GC(1) Pause Young (Concurrent Start) (Metadata GC Threshold) 26M->10M(1024M) 4.506ms
[2024-08-24T15:35:42.134+0530][gc,cpu      ] GC(1) User=0.02s Sys=0.00s Real=0.00s
[2024-08-24T15:35:42.134+0530][gc          ] GC(2) Concurrent Mark Cycle
[2024-08-24T15:35:42.134+0530][gc,marking  ] GC(2) Concurrent Scan Root Regions
[2024-08-24T15:35:42.136+0530][gc,marking  ] GC(2) Concurrent Scan Root Regions 1.500ms
[2024-08-24T15:35:42.136+0530][gc,marking  ] GC(2) Concurrent Mark
[2024-08-24T15:35:42.136+0530][gc,marking  ] GC(2) Concurrent Mark From Roots
[2024-08-24T15:35:42.136+0530][gc,task     ] GC(2) Using 2 workers of 2 for marking
[2024-08-24T15:35:42.137+0530][gc,marking  ] GC(2) Concurrent Mark From Roots 1.636ms
[2024-08-24T15:35:42.137+0530][gc,marking  ] GC(2) Concurrent Preclean
[2024-08-24T15:35:42.137+0530][gc,marking  ] GC(2) Concurrent Preclean 0.008ms
[2024-08-24T15:35:42.137+0530][gc,start    ] GC(2) Pause Remark
[2024-08-24T15:35:42.139+0530][gc          ] GC(2) Pause Remark 11M->11M(1024M) 1.248ms
[2024-08-24T15:35:42.139+0530][gc,cpu      ] GC(2) User=0.00s Sys=0.00s Real=0.00s
[2024-08-24T15:35:42.139+0530][gc,marking  ] GC(2) Concurrent Mark 3.084ms
[2024-08-24T15:35:42.139+0530][gc,marking  ] GC(2) Concurrent Rebuild Remembered Sets and Scrub Regions
[2024-08-24T15:35:42.140+0530][gc,marking  ] GC(2) Concurrent Rebuild Remembered Sets and Scrub Regions 1.141ms
[2024-08-24T15:35:42.140+0530][gc,start    ] GC(2) Pause Cleanup
[2024-08-24T15:35:42.140+0530][gc          ] GC(2) Pause Cleanup 11M->11M(1024M) 0.084ms
[2024-08-24T15:35:42.140+0530][gc,cpu      ] GC(2) User=0.00s Sys=0.00s Real=0.00s
[2024-08-24T15:35:42.140+0530][gc,marking  ] GC(2) Concurrent Clear Claimed Marks
[2024-08-24T15:35:42.140+0530][gc,marking  ] GC(2) Concurrent Clear Claimed Marks 0.009ms
[2024-08-24T15:35:42.140+0530][gc,marking  ] GC(2) Concurrent Cleanup for Next Mark
[2024-08-24T15:35:42.141+0530][gc,marking  ] GC(2) Concurrent Cleanup for Next Mark 1.068ms
[2024-08-24T15:35:42.141+0530][gc          ] GC(2) Concurrent Mark Cycle 7.040ms
[2024-08-24T15:35:42.480+0530][gc,start    ] GC(3) Pause Young (Prepare Mixed) (G1 Evacuation Pause)
[2024-08-24T15:35:42.480+0530][gc,task     ] GC(3) Using 8 workers of 8 for evacuation
[2024-08-24T15:35:42.482+0530][gc,phases   ] GC(3)   Pre Evacuate Collection Set: 0.10ms
[2024-08-24T15:35:42.482+0530][gc,phases   ] GC(3)   Merge Heap Roots: 0.04ms
[2024-08-24T15:35:42.482+0530][gc,phases   ] GC(3)   Evacuate Collection Set: 2.03ms
[2024-08-24T15:35:42.482+0530][gc,phases   ] GC(3)   Post Evacuate Collection Set: 0.18ms
[2024-08-24T15:35:42.482+0530][gc,phases   ] GC(3)   Other: 0.04ms
[2024-08-24T15:35:42.482+0530][gc,heap     ] GC(3) Eden regions: 49->0(44)
[2024-08-24T15:35:42.482+0530][gc,heap     ] GC(3) Survivor regions: 2->7(7)
[2024-08-24T15:35:42.482+0530][gc,heap     ] GC(3) Old regions: 11->11
[2024-08-24T15:35:42.482+0530][gc,heap     ] GC(3) Humongous regions: 129->129
[2024-08-24T15:35:42.482+0530][gc,metaspace] GC(3) Metaspace: 32213K(32448K)->32213K(32448K) NonClass: 28580K(28736K)->28580K(28736K) Class: 3632K(3712K)->3632K(3712K)
[2024-08-24T15:35:42.482+0530][gc          ] GC(3) Pause Young (Prepare Mixed) (G1 Evacuation Pause) 188M->145M(1024M) 2.537ms
[2024-08-24T15:35:42.482+0530][gc,cpu      ] GC(3) User=0.01s Sys=0.00s Real=0.00s
[2024-08-24T15:46:02.812+0530][gc,start    ] GC(4) Pause Young (Mixed) (Metadata GC Threshold)
[2024-08-24T15:46:02.814+0530][gc,task     ] GC(4) Using 8 workers of 8 for evacuation
[2024-08-24T15:46:02.819+0530][gc,phases   ] GC(4)   Pre Evacuate Collection Set: 0.18ms
[2024-08-24T15:46:02.819+0530][gc,phases   ] GC(4)   Merge Heap Roots: 0.04ms
[2024-08-24T15:46:02.819+0530][gc,phases   ] GC(4)   Evacuate Collection Set: 4.23ms
[2024-08-24T15:46:02.819+0530][gc,phases   ] GC(4)   Post Evacuate Collection Set: 0.37ms
[2024-08-24T15:46:02.819+0530][gc,phases   ] GC(4)   Other: 0.11ms
[2024-08-24T15:46:02.819+0530][gc,heap     ] GC(4) Eden regions: 20->0(49)
[2024-08-24T15:46:02.819+0530][gc,heap     ] GC(4) Survivor regions: 7->2(7)
[2024-08-24T15:46:02.819+0530][gc,heap     ] GC(4) Old regions: 11->16
[2024-08-24T15:46:02.819+0530][gc,heap     ] GC(4) Humongous regions: 129->129
[2024-08-24T15:46:02.819+0530][gc,metaspace] GC(4) Metaspace: 35667K(35968K)->35667K(35968K) NonClass: 31620K(31808K)->31620K(31808K) Class: 4046K(4160K)->4046K(4160K)
[2024-08-24T15:46:02.819+0530][gc          ] GC(4) Pause Young (Mixed) (Metadata GC Threshold) 164M->146M(1024M) 6.661ms
[2024-08-24T15:46:02.819+0530][gc,cpu      ] GC(4) User=0.01s Sys=0.00s Real=0.00s
[2024-08-24T15:46:02.835+0530][gc,start    ] GC(5) Pause Young (Concurrent Start) (Metadata GC Threshold)
[2024-08-24T15:46:02.835+0530][gc,task     ] GC(5) Using 8 workers of 8 for evacuation
[2024-08-24T15:46:02.837+0530][gc,phases   ] GC(5)   Pre Evacuate Collection Set: 0.16ms
[2024-08-24T15:46:02.837+0530][gc,phases   ] GC(5)   Merge Heap Roots: 0.12ms
[2024-08-24T15:46:02.837+0530][gc,phases   ] GC(5)   Evacuate Collection Set: 1.41ms
[2024-08-24T15:46:02.837+0530][gc,phases   ] GC(5)   Post Evacuate Collection Set: 0.31ms
[2024-08-24T15:46:02.837+0530][gc,phases   ] GC(5)   Other: 0.08ms
[2024-08-24T15:46:02.837+0530][gc,heap     ] GC(5) Eden regions: 2->0(50)
[2024-08-24T15:46:02.837+0530][gc,heap     ] GC(5) Survivor regions: 2->1(7)
[2024-08-24T15:46:02.837+0530][gc,heap     ] GC(5) Old regions: 16->16
[2024-08-24T15:46:02.837+0530][gc,heap     ] GC(5) Humongous regions: 129->129
[2024-08-24T15:46:02.837+0530][gc,metaspace] GC(5) Metaspace: 35961K(36288K)->35961K(36288K) NonClass: 31866K(32064K)->31866K(32064K) Class: 4094K(4224K)->4094K(4224K)
[2024-08-24T15:46:02.837+0530][gc          ] GC(5) Pause Young (Concurrent Start) (Metadata GC Threshold) 148M->145M(1024M) 2.193ms
[2024-08-24T15:46:02.837+0530][gc,cpu      ] GC(5) User=0.01s Sys=0.00s Real=0.00s
[2024-08-24T15:46:02.837+0530][gc          ] GC(6) Concurrent Mark Cycle
[2024-08-24T15:46:02.837+0530][gc,marking  ] GC(6) Concurrent Scan Root Regions
[2024-08-24T15:46:02.839+0530][gc,marking  ] GC(6) Concurrent Scan Root Regions 1.540ms
[2024-08-24T15:46:02.839+0530][gc,marking  ] GC(6) Concurrent Mark
[2024-08-24T15:46:02.839+0530][gc,marking  ] GC(6) Concurrent Mark From Roots
[2024-08-24T15:46:02.839+0530][gc,task     ] GC(6) Using 2 workers of 2 for marking
[2024-08-24T15:46:02.849+0530][gc,marking  ] GC(6) Concurrent Mark From Roots 9.793ms
[2024-08-24T15:46:02.849+0530][gc,marking  ] GC(6) Concurrent Preclean
[2024-08-24T15:46:02.849+0530][gc,marking  ] GC(6) Concurrent Preclean 0.047ms
[2024-08-24T15:46:02.849+0530][gc,start    ] GC(6) Pause Remark
[2024-08-24T15:46:02.852+0530][gc          ] GC(6) Pause Remark 146M->146M(1024M) 2.986ms
[2024-08-24T15:46:02.852+0530][gc,cpu      ] GC(6) User=0.01s Sys=0.00s Real=0.01s
[2024-08-24T15:46:02.852+0530][gc,marking  ] GC(6) Concurrent Mark 13.304ms
[2024-08-24T15:46:02.852+0530][gc,marking  ] GC(6) Concurrent Rebuild Remembered Sets and Scrub Regions
[2024-08-24T15:46:02.857+0530][gc,marking  ] GC(6) Concurrent Rebuild Remembered Sets and Scrub Regions 4.692ms
[2024-08-24T15:46:02.857+0530][gc,start    ] GC(6) Pause Cleanup
[2024-08-24T15:46:02.857+0530][gc          ] GC(6) Pause Cleanup 147M->147M(1024M) 0.153ms
[2024-08-24T15:46:02.857+0530][gc,cpu      ] GC(6) User=0.00s Sys=0.00s Real=0.00s
[2024-08-24T15:46:02.858+0530][gc,marking  ] GC(6) Concurrent Clear Claimed Marks
[2024-08-24T15:46:02.858+0530][gc,marking  ] GC(6) Concurrent Clear Claimed Marks 0.041ms
[2024-08-24T15:46:02.858+0530][gc,marking  ] GC(6) Concurrent Cleanup for Next Mark
[2024-08-24T15:46:02.866+0530][gc,marking  ] GC(6) Concurrent Cleanup for Next Mark 7.857ms
[2024-08-24T15:46:02.866+0530][gc          ] GC(6) Concurrent Mark Cycle 28.636ms
[2024-08-24T15:50:29.432+0530][gc,start    ] GC(7) Pause Young (Prepare Mixed) (G1 Evacuation Pause)
[2024-08-24T15:50:29.433+0530][gc,task     ] GC(7) Using 8 workers of 8 for evacuation
[2024-08-24T15:50:29.438+0530][gc,phases   ] GC(7)   Pre Evacuate Collection Set: 0.50ms
[2024-08-24T15:50:29.438+0530][gc,phases   ] GC(7)   Merge Heap Roots: 0.10ms
[2024-08-24T15:50:29.438+0530][gc,phases   ] GC(7)   Evacuate Collection Set: 4.03ms
[2024-08-24T15:50:29.438+0530][gc,phases   ] GC(7)   Post Evacuate Collection Set: 0.36ms
[2024-08-24T15:50:29.438+0530][gc,phases   ] GC(7)   Other: 0.09ms
[2024-08-24T15:50:29.438+0530][gc,heap     ] GC(7) Eden regions: 50->0(47)
[2024-08-24T15:50:29.438+0530][gc,heap     ] GC(7) Survivor regions: 1->4(7)
[2024-08-24T15:50:29.438+0530][gc,heap     ] GC(7) Old regions: 16->16
[2024-08-24T15:50:29.438+0530][gc,heap     ] GC(7) Humongous regions: 129->129
[2024-08-24T15:50:29.438+0530][gc,metaspace] GC(7) Metaspace: 41089K(41664K)->41089K(41664K) NonClass: 36300K(36608K)->36300K(36608K) Class: 4789K(5056K)->4789K(5056K)
[2024-08-24T15:50:29.438+0530][gc          ] GC(7) Pause Young (Prepare Mixed) (G1 Evacuation Pause) 195M->148M(1024M) 6.216ms
[2024-08-24T15:50:29.438+0530][gc,cpu      ] GC(7) User=0.01s Sys=0.01s Real=0.00s
[2024-08-24T15:56:13.712+0530][gc,start    ] GC(8) Pause Young (Mixed) (G1 Evacuation Pause)
[2024-08-24T15:56:13.713+0530][gc,task     ] GC(8) Using 8 workers of 8 for evacuation
[2024-08-24T15:56:13.720+0530][gc,phases   ] GC(8)   Pre Evacuate Collection Set: 0.47ms
[2024-08-24T15:56:13.720+0530][gc,phases   ] GC(8)   Merge Heap Roots: 0.11ms
[2024-08-24T15:56:13.720+0530][gc,phases   ] GC(8)   Evacuate Collection Set: 5.93ms
[2024-08-24T15:56:13.720+0530][gc,phases   ] GC(8)   Post Evacuate Collection Set: 0.64ms
[2024-08-24T15:56:13.720+0530][gc,phases   ] GC(8)   Other: 0.20ms
[2024-08-24T15:56:13.720+0530][gc,heap     ] GC(8) Eden regions: 47->0(47)
[2024-08-24T15:56:13.720+0530][gc,heap     ] GC(8) Survivor regions: 4->4(7)
[2024-08-24T15:56:13.720+0530][gc,heap     ] GC(8) Old regions: 16->17
[2024-08-24T15:56:13.720+0530][gc,heap     ] GC(8) Humongous regions: 129->129
[2024-08-24T15:56:13.721+0530][gc,metaspace] GC(8) Metaspace: 41164K(41792K)->41164K(41792K) NonClass: 36372K(36736K)->36372K(36736K) Class: 4791K(5056K)->4791K(5056K)
[2024-08-24T15:56:13.721+0530][gc          ] GC(8) Pause Young (Mixed) (G1 Evacuation Pause) 195M->148M(1024M) 9.049ms
[2024-08-24T15:56:13.721+0530][gc,cpu      ] GC(8) User=0.02s Sys=0.00s Real=0.01s
[2024-08-24T16:02:13.862+0530][gc,start    ] GC(9) Pause Young (Normal) (G1 Evacuation Pause)
[2024-08-24T16:02:13.862+0530][gc,task     ] GC(9) Using 8 workers of 8 for evacuation
[2024-08-24T16:02:13.865+0530][gc,phases   ] GC(9)   Pre Evacuate Collection Set: 0.30ms
[2024-08-24T16:02:13.865+0530][gc,phases   ] GC(9)   Merge Heap Roots: 0.07ms
[2024-08-24T16:02:13.865+0530][gc,phases   ] GC(9)   Evacuate Collection Set: 1.91ms
[2024-08-24T16:02:13.865+0530][gc,phases   ] GC(9)   Post Evacuate Collection Set: 0.27ms
[2024-08-24T16:02:13.865+0530][gc,phases   ] GC(9)   Other: 0.06ms
[2024-08-24T16:02:13.865+0530][gc,heap     ] GC(9) Eden regions: 47->0(47)
[2024-08-24T16:02:13.865+0530][gc,heap     ] GC(9) Survivor regions: 4->4(7)
[2024-08-24T16:02:13.865+0530][gc,heap     ] GC(9) Old regions: 17->17
[2024-08-24T16:02:13.865+0530][gc,heap     ] GC(9) Humongous regions: 129->129
[2024-08-24T16:02:13.865+0530][gc,metaspace] GC(9) Metaspace: 41615K(42176K)->41615K(42176K) NonClass: 36726K(37056K)->36726K(37056K) Class: 4889K(5120K)->4889K(5120K)
[2024-08-24T16:02:13.865+0530][gc          ] GC(9) Pause Young (Normal) (G1 Evacuation Pause) 195M->148M(1024M) 2.973ms
[2024-08-24T16:02:13.865+0530][gc,cpu      ] GC(9) User=0.01s Sys=0.00s Real=0.00s
[2024-08-24T16:02:14.101+0530][gc,heap,exit] Heap
[2024-08-24T16:02:14.104+0530][gc,heap,exit]  garbage-first heap   total reserved 1048576K, committed 1048576K, used 158437K [0x00000007c0000000, 0x0000000800000000)
[2024-08-24T16:02:14.104+0530][gc,heap,exit]   region size 1024K, 11 young (11264K), 4 survivors (4096K)
[2024-08-24T16:02:14.104+0530][gc,heap,exit]  Metaspace       used 42255K, committed 42880K, reserved 1114112K
[2024-08-24T16:02:14.104+0530][gc,heap,exit]   class space    used 4999K, committed 5248K, reserved 1048576K
