[2024-08-24T12:23:08.968+0530][gc,init] CardTable entry size: 512
[2024-08-24T12:23:08.968+0530][gc     ] Using G1
[2024-08-24T12:23:08.968+0530][gc,init] Version: 22.0.1+8-16 (release)
[2024-08-24T12:23:08.968+0530][gc,init] CPUs: 8 total, 8 available
[2024-08-24T12:23:08.968+0530][gc,init] Memory: 8192M
[2024-08-24T12:23:08.968+0530][gc,init] Large Page Support: Disabled
[2024-08-24T12:23:08.968+0530][gc,init] NUMA Support: Disabled
[2024-08-24T12:23:08.968+0530][gc,init] Compressed Oops: Enabled (Zero based)
[2024-08-24T12:23:08.968+0530][gc,init] Heap Region Size: 1M
[2024-08-24T12:23:08.968+0530][gc,init] Heap Min Capacity: 512M
[2024-08-24T12:23:08.968+0530][gc,init] Heap Initial Capacity: 512M
[2024-08-24T12:23:08.968+0530][gc,init] Heap Max Capacity: 512M
[2024-08-24T12:23:08.968+0530][gc,init] Pre-touch: Disabled
[2024-08-24T12:23:08.969+0530][gc,init] Parallel Workers: 8
[2024-08-24T12:23:08.969+0530][gc,init] Concurrent Workers: 2
[2024-08-24T12:23:08.969+0530][gc,init] Concurrent Refinement Workers: 8
[2024-08-24T12:23:08.969+0530][gc,init] Periodic GC: Disabled
[2024-08-24T12:23:08.972+0530][gc,metaspace] CDS archive(s) mapped at: [0x0000000400000000-0x0000000400c70000-0x0000000400c70000), size 13041664, SharedBaseAddress: 0x0000000400000000, ArchiveRelocationMode: 1.
[2024-08-24T12:23:08.972+0530][gc,metaspace] Compressed class space mapped at: 0x0000000401000000-0x0000000441000000, reserved size: 1073741824
[2024-08-24T12:23:08.972+0530][gc,metaspace] Narrow klass base: 0x0000000400000000, Narrow klass shift: 0, Narrow klass range: 0x100000000
[2024-08-24T12:23:09.416+0530][gc,start    ] GC(0) Pause Young (Normal) (G1 Evacuation Pause)
[2024-08-24T12:23:09.416+0530][gc,task     ] GC(0) Using 8 workers of 8 for evacuation
[2024-08-24T12:23:09.418+0530][gc,phases   ] GC(0)   Pre Evacuate Collection Set: 0.08ms
[2024-08-24T12:23:09.418+0530][gc,phases   ] GC(0)   Merge Heap Roots: 0.04ms
[2024-08-24T12:23:09.418+0530][gc,phases   ] GC(0)   Evacuate Collection Set: 1.65ms
[2024-08-24T12:23:09.418+0530][gc,phases   ] GC(0)   Post Evacuate Collection Set: 0.17ms
[2024-08-24T12:23:09.418+0530][gc,phases   ] GC(0)   Other: 0.16ms
[2024-08-24T12:23:09.418+0530][gc,heap     ] GC(0) Eden regions: 25->0(21)
[2024-08-24T12:23:09.418+0530][gc,heap     ] GC(0) Survivor regions: 0->4(4)
[2024-08-24T12:23:09.418+0530][gc,heap     ] GC(0) Old regions: 2->7
[2024-08-24T12:23:09.418+0530][gc,heap     ] GC(0) Humongous regions: 0->0
[2024-08-24T12:23:09.418+0530][gc,metaspace] GC(0) Metaspace: 7676K(7808K)->7676K(7808K) NonClass: 6840K(6912K)->6840K(6912K) Class: 836K(896K)->836K(896K)
[2024-08-24T12:23:09.418+0530][gc          ] GC(0) Pause Young (Normal) (G1 Evacuation Pause) 26M->9M(512M) 2.251ms
[2024-08-24T12:23:09.418+0530][gc,cpu      ] GC(0) User=0.01s Sys=0.00s Real=0.00s
